// Jest Snapshot v1, https://goo.gl/fbAQLP

exports[`nextSeoOptions should render correctly 1`] = `<div />`;
