// Jest Snapshot v1, https://goo.gl/fbAQLP

exports[`Button should render correctly 1`] = `
<div>
  <button
    class="button"
  >
    Test
    <div
      class="animBar "
    />
  </button>
</div>
`;
